deterministic       1/8  landed  SUCCESS          40s  votes ["idle","agree","idle","agree"]
deterministic       2/8  landed  SUCCESS          40s  votes ["idle","agree","agree","agree"]
deterministic       3/8  landed  SUCCESS          44s  votes ["agree","idle","agree","agree"]
deterministic       4/8  landed  SUCCESS          38s  votes ["agree","agree","agree","agree"]
deterministic       5/8  landed  SUCCESS          40s  votes ["idle","agree","agree","idle"]
deterministic       6/8  landed  SUCCESS          40s  votes ["agree","idle","idle","agree"]
deterministic       7/8  landed  SUCCESS          40s  votes ["agree","idle","agree","idle"]
deterministic       8/8  landed  SUCCESS          40s  votes ["idle","agree","idle","agree"]
fetch_only          1/8  landed  SUCCESS          42s  votes ["idle","agree","agree","idle"]
fetch_only          2/8  landed  SUCCESS          40s  votes ["agree","idle","idle","agree"]
fetch_only          3/8  landed  SUCCESS          41s  votes ["agree","idle","agree","idle"]
fetch_only          4/8  landed  SUCCESS          45s  votes ["agree","agree","idle","idle"]
fetch_only          5/8  landed  SUCCESS          40s  votes ["idle","idle","agree","agree"]
fetch_only          6/8  landed  SUCCESS          35s  votes ["agree","agree","agree","idle"]
fetch_only          7/8  landed  SUCCESS          45s  votes ["idle","agree","agree","agree"]
fetch_only          8/8  landed  SUCCESS          41s  votes ["agree","idle","agree","agree"]
fetch_then_reason   1/8  landed  SUCCESS          57s  votes ["idle","agree","agree","agree"]
fetch_then_reason   2/8  landed  SUCCESS          44s  votes ["agree","agree","idle","idle"]
fetch_then_reason   3/8  landed  SUCCESS          45s  votes ["agree","agree","agree","idle"]
fetch_then_reason   4/8  landed  SUCCESS          56s  votes ["agree","idle","agree","idle"]
fetch_then_reason   5/8  landed  SUCCESS          67s  votes ["agree","agree","agree","idle"]
fetch_then_reason   6/8  landed  SUCCESS          44s  votes ["agree","idle","agree","idle"]
fetch_then_reason   7/8  landed  SUCCESS          77s  votes ["agree","agree","idle","idle"]
fetch_then_reason   8/8  landed  SUCCESS          56s  votes ["agree","agree","idle","idle"]

{
  "deterministic": {
    "attempted": 8,
    "landed": 8,
    "lost": 0,
    "median_seconds": 40,
    "outcomes": {
      "SUCCESS": 8
    }
  },
  "fetch_only": {
    "attempted": 8,
    "landed": 8,
    "lost": 0,
    "median_seconds": 41,
    "outcomes": {
      "SUCCESS": 8
    }
  },
  "fetch_then_reason": {
    "attempted": 8,
    "landed": 8,
    "lost": 0,
    "median_seconds": 56,
    "outcomes": {
      "SUCCESS": 8
    }
  }
}

wrote results/round_shapes.json
